Java HotSpot(TM) 64-Bit Server VM (25.45-b02) for bsd-amd64 JRE (1.8.0_45-b14), built on Apr 10 2015 10:46:38 by "java_re" with gcc 4.2.1 (Based on Apple Inc. build 5658) (LLVM build 2336.11.00)
Memory: 4k page, physical 16777216k(1936628k free)

/proc/meminfo:

CommandLine flags: -XX:+CMSClassUnloadingEnabled -XX:+CMSScavengeBeforeRemark -XX:+DisableExplicitGC -XX:InitialHeapSize=1073741824 -XX:+ManagementServer -XX:MaxHeapSize=1073741824 -XX:MaxNewSize=348966912 -XX:MaxTenuringThreshold=6 -XX:NewSize=348966912 -XX:OldPLABSize=16 -XX:OldSize=697933824 -XX:+PrintGC -XX:+PrintGCDateStamps -XX:+PrintGCDetails -XX:+PrintGCTimeStamps -XX:+UseCompressedClassPointers -XX:+UseCompressedOops -XX:+UseConcMarkSweepGC -XX:+UseParNewGC 
2015-08-18T14:12:54.768+0500: 1.650: [GC (Allocation Failure) 1.650: [ParNew: 272640K->10125K(306688K), 0.0149137 secs] 272640K->10125K(1014528K), 0.0150288 secs] [Times: user=0.03 sys=0.00, real=0.02 secs] 
2015-08-18T14:13:52.068+0500: 58.950: [GC (Allocation Failure) 58.950: [ParNew: 282765K->5099K(306688K), 0.0187625 secs] 282765K->5099K(1014528K), 0.0188775 secs] [Times: user=0.02 sys=0.01, real=0.02 secs] 
2015-08-18T14:16:54.665+0500: 241.551: [GC (Allocation Failure) 241.551: [ParNew: 277739K->6850K(306688K), 0.0213176 secs] 277739K->6850K(1014528K), 0.0214204 secs] [Times: user=0.03 sys=0.00, real=0.02 secs] 
2015-08-18T14:17:08.700+0500: 255.586: [GC (CMS Initial Mark) [1 CMS-initial-mark: 0K(707840K)] 81099K(1014528K), 0.0141247 secs] [Times: user=0.04 sys=0.00, real=0.01 secs] 
2015-08-18T14:17:08.714+0500: 255.600: [CMS-concurrent-mark-start]
2015-08-18T14:17:08.723+0500: 255.608: [CMS-concurrent-mark: 0.008/0.008 secs] [Times: user=0.00 sys=0.01, real=0.01 secs] 
2015-08-18T14:17:08.723+0500: 255.609: [CMS-concurrent-preclean-start]
2015-08-18T14:17:08.724+0500: 255.610: [CMS-concurrent-preclean: 0.001/0.001 secs] [Times: user=0.01 sys=0.00, real=0.00 secs] 
2015-08-18T14:17:08.724+0500: 255.610: [CMS-concurrent-abortable-preclean-start]
 CMS: abort preclean due to time 2015-08-18T14:17:13.751+0500: 260.637: [CMS-concurrent-abortable-preclean: 1.410/5.027 secs] [Times: user=1.46 sys=0.09, real=5.03 secs] 
2015-08-18T14:17:13.751+0500: 260.637: [GC (CMS Final Remark) [YG occupancy: 94509 K (306688 K)]2015-08-18T14:17:13.751+0500: 260.637: [GC (CMS Final Remark) 260.637: [ParNew: 94509K->5608K(306688K), 0.0106134 secs] 94509K->5608K(1014528K), 0.0106730 secs] [Times: user=0.04 sys=0.00, real=0.01 secs] 
260.648: [Rescan (parallel) , 0.0024942 secs]260.651: [weak refs processing, 0.0000217 secs]260.651: [class unloading, 0.0042695 secs]260.655: [scrub symbol table, 0.0023090 secs]260.657: [scrub string table, 0.0002647 secs][1 CMS-remark: 0K(707840K)] 5608K(1014528K), 0.0217773 secs] [Times: user=0.06 sys=0.00, real=0.02 secs] 
2015-08-18T14:17:13.773+0500: 260.659: [CMS-concurrent-sweep-start]
2015-08-18T14:17:13.773+0500: 260.659: [CMS-concurrent-sweep: 0.000/0.000 secs] [Times: user=0.2015-08-18T14:17:42.242+0500: 293.841: [GC (Allocation Failure) 293.841: [ParNew: 277930K->8029K(306688K), 0.0126144 secs] 277930K->8029K(1014528K), 0.0127027 secs] [Times: user=0.04 sys=0.01, real=0.01 secs] 
2015-08-18T14:18:49.656+0500: 361.256: [GC (Allocation Failure) 361.257: [ParNew: 280669K->8348K(306688K), 0.0389036 secs] 280669K->8348K(1014528K), 0.0390305 secs] [Times: user=0.04 sys=0.00, real=0.04 secs] 
2015-08-18T142015-08-18T14:20:25.723+0500: 452.613: [GC (Allocation Failure) 452.613: [ParNew: 278856K->5776K(306688K), 0.0106573 secs] 278856K->5776K(1014528K), 0.0110629 secs] [Times: user=0.03 sys=0.00, real2015-08-18T142015-08-18T14:22:26.703+0500: 573.595: [GC (Allocation Failure) 573.595: [ParNew: 278416K->4667K(306688K), 0.0401601 secs] 278416K->8008K(1014528K), 0.0409498 secs] [Times: user=0.07 sys=0.01, real2015-08-18T142015-08-18T14:24:19.067+0500: 685.961: [GC (Allocation Failure) 685.961: [ParNew: 277307K->3304K(306688K), 0.0082283 secs] 280648K->6687K(1014528K), 0.0083343 secs] [Times: user=0.02 sys=0.00, real=0.01 secs] 
2015-08-18T14:26:13.832+0500: 800.727: [GC (Allocation Failure) 800.727: [ParNew: 275944K->2956K(306688K), 0.0126461 secs] 279327K->6647K(1014528K), 0.0127401 secs] [Times: user=0.02 sys=0.00, real=0.01 secs] 
2015-08-18T14:28:12.107+0500: 919.005: [GC (Allocation Failure) 919.005: [ParNew: 275596K->2292K(306688K), 0.0106022 secs] 279287K->6004K(1014528K), 0.0106869 secs] [Times: user=0.02 sys=0.00, real=0.01 secs] 
2015-08-18T14:30:26.728+0500: 1053.628: [GC (Allocation Failure) 1053.628: [ParNew: 274932K->2742K(306688K), 0.0180705 secs] 278644K->6544K(1014528K), 0.0181661 secs] [Times: user=0.02 sys=0.00, real=0.02 secs] 
2015-08-18T14:32:32.976+0500: 1179.878: [GC (Allocation Failure) 1179.878: [ParNew: 275382K->1767K(306688K), 0.0072442 secs] 279184K->5705K(1014528K), 0.0073336 secs] [Times: user=0.02 sys=0.00, real=0.01 secs] 
2015-08-18T14:34:30.941+0500: 1297.846: [GC (Allocation Failure) 1297.846: [ParNew: 274407K->1729K(306688K), 0.0299217 secs] 278345K->5954K(1014528K), 0.0300110 secs] [Times: user=0.03 sys=0.00, real=0.03 secs] 
2015-08-18T14:36:49.141+0500: 1436.048: [GC (Allocation Failure) 1436.048: [ParNew: 274369K->1291K(306688K), 0.0130003 secs] 278594K->6301K(1014528K), 0.0130800 secs] [Times: user=0.02 sys=0.00, real=0.01 secs] 
2015-08-18T14:39:23.639+0500: 1590.548: [GC (Allocation Failure) 1590.548: [ParNew: 273931K->664K(306688K), 0.0265424 secs] 278941K->5675K(1014528K), 0.0267753 secs] [Times: user=0.05 sys=0.00, real=0.03 secs] 
2015-08-18T14:41:01.589+0500: 1688.501: [GC (Allocation Failure) 1688.501: [ParNew: 273304K->3077K(306688K), 0.0109145 secs] 278315K->8090K(1014528K), 0.0110002 secs] [Times: user=0.03 sys=0.00, real=0.02 secs] 
2015-08-18T14:42:44.973+0500: 1791.886: [GC (Allocation Failure) 1791.886: [ParNew: 275717K->6226K(306688K), 0.0200653 secs] 280730K->11240K(1014528K), 0.0201808 secs] [Times: user=0.05 sys=0.01, real=0.02 secs] 
2015-08-18T14:44:39.920+0500: 1906.836: [GC (Allocation Failure) 1906.836: [ParNew: 278866K->8456K(306688K), 0.0258687 secs] 283880K->13489K(1014528K), 0.0259470 secs] [Times: user=0.05 sys=0.00, real=0.02 secs] 
2015-08-18T14:46:35.631+0500: 2022.548: [GC (Allocation Failure) 2022.549: [ParNew: 281096K->10886K(306688K), 0.0305618 secs] 286129K->15920K(1014528K), 0.0306473 secs] [Times: user=0.06 sys=0.01, real=0.03 secs] 
2015-08-18T14:48:46.961+0500: 2153.881: [GC (Allocation Failure) 2153.881: [ParNew: 283526K->14118K(306688K), 0.0284573 secs] 288560K->19153K(1014528K), 0.0286221 secs] [Times: user=0.06 sys=0.00, real=0.03 secs] 
2015-08-18T14:50:56.080+0500: 2283.002: [GC (Allocation Failure) 2283.002: [ParNew: 286758K->12792K(306688K), 0.0156656 secs] 291793K->17828K(1014528K), 0.0157482 secs] [Times: user=0.05 sys=0.00, real=0.01 secs] 
2015-08-18T14:53:40.593+0500: 2447.518: [GC (Allocation Failure) 2447.518: [ParNew: 285432K->10774K(306688K), 0.0593612 secs] 290468K->18516K(1014528K), 0.0594870 secs] [Times: user=0.10 sys=0.01, real=0.06 secs] 
2015-08-18T14:55:34.220+0500: 2561.147: [GC (Allocation Failure) 2561.147: [ParNew: 283414K->6848K(306688K), 0.0313135 secs] 291156K->16559K(1014528K), 0.0314021 secs] [Times: user=0.05 sys=0.01, real=0.03 secs] 
2015-08-18T14:57:31.729+0500: 2678.658: [GC (Allocation Failure) 2678.658: [ParNew: 279488K->4563K(306688K), 0.0280711 secs] 289199K->16230K(1014528K), 0.0281603 secs] [Times: user=0.05 sys=0.01, real=0.03 secs] 
2015-08-18T14:59:49.540+0500: 2816.471: [GC (Allocation Failure) 2816.471: [ParNew: 277203K->2125K(306688K), 0.0189734 secs] 288870K->16018K(1014528K), 0.0190888 secs] [Times: user=0.03 sys=0.00, real=0.01 secs] 
2015-08-18T15:02:03.991+0500: 2950.925: [GC (Allocation Failure) 2950.925: [ParNew: 274765K->988K(306688K), 0.0098900 secs] 288658K->14880K(1014528K), 0.0099796 secs] [Times: user=0.01 sys=0.00, real=0.01 secs] 
2015-08-18T15:04:51.982+0500: 3118.919: [GC (Allocation Failure) 3118.919: [ParNew: 273628K->606K(306688K), 0.0158184 secs] 287520K->14500K(1014528K), 0.0159026 secs] [Times: user=0.01 sys=0.00, real=0.01 secs] 
2015-08-18T15:06:42.973+0500: 3229.912: [GC (Allocation Failure) 3229.912: [ParNew: 273246K->677K(306688K), 0.0065573 secs] 287140K->14573K(1014528K), 0.0066449 secs] [Times: user=0.02 sys=0.00, real=0.01 secs] 
2015-08-18T15:08:55.933+0500: 3362.874: [GC (Allocation Failure) 3362.874: [ParNew: 273317K->780K(306688K), 0.0101306 secs] 287213K->14676K(1014528K), 0.0102167 secs] [Times: user=0.02 sys=0.00, real=0.01 secs] 
2015-08-18T15:12:19.087+0500: 3566.032: [GC (Allocation Failure) 3566.032: [ParNew: 273420K->670K(306688K), 0.0060202 secs] 287316K->14566K(1014528K), 0.0061012 secs] [Times: user=0.01 sys=0.01, real=0.01 secs] 
2015-08-18T15:14:25.952+0500: 3692.899: [GC (Allocation Failure) 3692.899: [ParNew: 273310K->838K(306688K), 0.0059360 secs] 287206K->14737K(1014528K), 0.0060178 secs] [Times: user=0.01 sys=0.00, real=0.00 secs] 
2015-08-18T15:16:52.954+0500: 3839.903: [GC (Allocation Failure) 3839.903: [ParNew: 273478K->629K(306688K), 0.0062205 secs] 287377K->14528K(1014528K), 0.0062984 secs] [Times: user=0.02 sys=0.00, real=0.01 secs] 
2015-08-18T15:18:55.168+0500: 3962.120: [GC (Allocation Failure) 3962.120: [ParNew: 273269K->899K(306688K), 0.0241860 secs] 287168K->14798K(1014528K), 0.0242728 secs] [Times: user=0.02 sys=0.00, real=0.03 secs] 
2015-08-18T15:21:42.576+0500: 4129.530: [GC (Allocation Failure) 4129.530: [ParNew: 273539K->747K(306688K), 0.0080042 secs] 287438K->14647K(1014528K), 0.0080941 secs] [Times: user=0.01 sys=0.00, real=0.01 secs] 
2015-08-18T15:24:28.814+0500: 4295.772: [GC (Allocation Failure) 4295.772: [ParNew: 273387K->2585K(306688K), 0.0158420 secs] 287287K->16491K(1014528K), 0.0159353 secs] [Times: user=0.03 sys=0.00, real=0.02 secs] 
2015-08-18T15:26:44.040+0500: 4431.000: [GC (Allocation Failure) 4431.000: [ParNew: 275225K->3306K(306688K), 0.0122612 secs] 289131K->17213K(1014528K), 0.0123582 secs] [Times: user=0.04 sys=0.00, real=0.01 secs] 
2015-08-18T15:28:52.602+0500: 4559.564: [GC (Allocation Failure) 4559.564: [ParNew: 275946K->3771K(306688K), 0.0102838 secs] 289853K->17680K(1014528K), 0.0103739 secs] [Times: user=0.04 sys=0.00, real=0.01 secs] 
2015-08-18T15:31:39.903+0500: 4726.868: [GC (Allocation Failure) 4726.868: [ParNew: 276411K->4209K(306688K), 0.0094200 secs] 290320K->18119K(1014528K), 0.0095179 secs] [Times: user=0.03 sys=0.00, real=0.01 secs] 
2015-08-18T15:34:38.707+0500: 4905.675: [GC (Allocation Failure) 4905.675: [ParNew: 276849K->3471K(306688K), 0.0125829 secs] 290759K->17381K(1014528K), 0.0126570 secs] [Times: user=0.03 sys=0.00, real=0.01 secs] 
2015-08-18T15:38:27.578+0500: 5134.551: [GC (Allocation Failure) 5134.551: [ParNew: 276111K->3371K(306688K), 0.0153468 secs] 290021K->17285K(1014528K), 0.0154528 secs] [Times: user=0.03 sys=0.00, real=0.02 secs] 
2015-08-18T15:40:54.195+0500: 5281.170: [GC (Allocation Failure) 5281.170: [ParNew: 276011K->2438K(306688K), 0.0277990 secs] 289925K->17228K(1014528K), 0.0278776 secs] [Times: user=0.05 sys=0.00, real=0.03 secs] 
2015-08-18T15:42:59.895+0500: 5406.872: [GC (Allocation Failure) 5406.872: [ParNew: 275078K->2757K(306688K), 0.0112547 secs] 289868K->17697K(1014528K), 0.0113437 secs] [Times: user=0.02 sys=0.00, real=0.01 secs] 
2015-08-18T15:44:57.542+0500: 5524.522: [GC (Allocation Failure) 5524.522: [ParNew: 275397K->2110K(306688K), 0.0137034 secs] 290337K->17427K(1014528K), 0.0137859 secs] [Times: user=0.02 sys=0.00, real=0.01 secs] 
2015-08-18T15:46:44.315+0500: 5631.297: [GC (Allocation Failure) 5631.297: [ParNew: 274750K->4526K(306688K), 0.0529774 secs] 290067K->20257K(1014528K), 0.0530643 secs] [Times: user=0.05 sys=0.00, real=0.05 secs] 
2015-08-18T15:48:24.553+0500: 5731.537: [GC (Allocation Failure) 5731.537: [ParNew: 277166K->7701K(306688K), 0.0315436 secs] 292897K->23433K(1014528K), 0.0316280 secs] [Times: user=0.04 sys=0.00, real=0.03 secs] 
2015-08-18T15:50:06.032+0500: 5833.017: [GC (Allocation Failure) 5833.017: [ParNew: 280341K->9633K(306688K), 0.0323797 secs] 296073K->25366K(1014528K), 0.0324661 secs] [Times: user=0.05 sys=0.00, real=0.03 secs] 
2015-08-18T15:51:40.557+0500: 5927.544: [GC (Allocation Failure) 5927.544: [ParNew: 282273K->12960K(306688K), 0.0399795 secs] 298006K->28694K(1014528K), 0.0400697 secs] [Times: user=0.06 sys=0.00, real=0.04 secs] 
2015-08-18T15:53:38.887+0500: 6045.876: [GC (Allocation Failure) 6045.876: [ParNew: 285600K->14496K(306688K), 0.0250303 secs] 301334K->30232K(1014528K), 0.0251089 secs] [Times: user=0.06 sys=0.00, real=0.03 secs] 
2015-08-18T15:55:44.579+0500: 6171.570: [GC (Allocation Failure) 6171.570: [ParNew: 287136K->15214K(306688K), 0.0326310 secs] 302872K->31488K(1014528K), 0.0327354 secs] [Times: user=0.06 sys=0.00, real=0.04 secs] 
2015-08-18T15:58:15.027+0500: 6322.021: [GC (Allocation Failure) 6322.021: [ParNew: 287854K->9295K(306688K), 0.0328597 secs] 304128K->28223K(1014528K), 0.0329410 secs] [Times: user=0.06 sys=0.01, real=0.04 secs] 
2015-08-18T16:00:39.397+0500: 6466.393: [GC (Allocation Failure) 6466.393: [ParNew: 281935K->6993K(306688K), 0.0389211 secs] 300863K->27733K(1014528K), 0.0389993 secs] [Times: user=0.05 sys=0.00, real=0.04 secs] 
2015-08-18T16:02:33.281+0500: 6580.279: [GC (Allocation Failure) 6580.279: [ParNew: 279633K->3618K(306688K), 0.0209201 secs] 300373K->25993K(1014528K), 0.0210070 secs] [Times: user=0.04 sys=0.00, real=0.02 secs] 
2015-08-18T16:04:35.788+0500: 6702.788: [GC (Allocation Failure) 6702.788: [ParNew: 276258K->2481K(306688K), 0.0134185 secs] 298633K->26392K(1014528K), 0.0135129 secs] [Times: user=0.04 sys=0.00, real=0.02 secs] 
2015-08-18T16:06:10.943+0500: 6797.945: [GC (Allocation Failure) 6797.945: [ParNew: 275121K->5372K(306688K), 0.0199720 secs] 299032K->29303K(1014528K), 0.0200519 secs] [Times: user=0.04 sys=0.00, real=0.02 secs] 
2015-08-18T16:09:02.298+0500: 6969.303: [GC (Allocation Failure) 6969.303: [ParNew: 278012K->9208K(306688K), 0.0175001 secs] 301943K->33140K(1014528K), 0.0175891 secs] [Times: user=0.06 sys=0.00, real=0.02 secs] 
2015-08-18T16:12:27.851+0500: 7174.860: [GC (Allocation Failure) 7174.860: [ParNew: 281848K->10587K(306688K), 0.0271898 secs] 305780K->34519K(1014528K), 0.0272672 secs] [Times: user=0.06 sys=0.00, real=0.02 secs] 
2015-08-18T16:16:25.147+0500: 7412.160: [GC (Allocation Failure) 7412.160: [ParNew: 283227K->14908K(306688K), 0.0297640 secs] 307159K->38840K(1014528K), 0.0299333 secs] [Times: user=0.05 sys=0.00, real=0.03 secs] 
2015-08-18T16:19:24.755+0500: 7591.771: [GC (Allocation Failure) 7591.771: [ParNew: 287548K->10879K(306688K), 0.0350256 secs] 311480K->34812K(1014528K), 0.0351062 secs] [Times: user=0.05 sys=0.00, real=0.04 secs] 
2015-08-18T16:21:49.934+0500: 7736.952: [GC (Allocation Failure) 7736.952: [ParNew: 283519K->9027K(306688K), 0.0301485 secs] 307452K->34479K(1014528K), 0.0302328 secs] [Times: user=0.06 sys=0.00, real=0.03 secs] 
2015-08-18T16:24:10.946+0500: 7877.966: [GC (Allocation Failure) 7877.967: [ParNew: 281667K->6670K(306688K), 0.0191213 secs] 307119K->34154K(1014528K), 0.0192036 secs] [Times: user=0.05 sys=0.01, real=0.02 secs] 
2015-08-18T16:26:23.651+0500: 8010.674: [GC (Allocation Failure) 8010.674: [ParNew: 279310K->5018K(306688K), 0.0254147 secs] 306794K->35424K(1014528K), 0.0255014 secs] [Times: user=0.05 sys=0.00, real=0.02 secs] 
2015-08-18T16:28:43.893+0500: 8150.919: [GC (Allocation Failure) 8150.919: [ParNew: 277658K->1669K(306688K), 0.0211837 secs] 308064K->33261K(1014528K), 0.0212693 secs] [Times: user=0.03 sys=0.00, real=0.02 secs] 
2015-08-18T16:30:57.689+0500: 8284.717: [GC (Allocation Failure) 8284.717: [ParNew: 274309K->663K(306688K), 0.0144622 secs] 305901K->32255K(1014528K), 0.0145443 secs] [Times: user=0.02 sys=0.00, real=0.02 secs] 
2015-08-18T16:33:26.611+0500: 8433.641: [GC (Allocation Failure) 8433.642: [ParNew: 273303K->731K(306688K), 0.0108383 secs] 304895K->32326K(1014528K), 0.0109241 secs] [Times: user=0.02 sys=0.00, real=0.01 secs] 
2015-08-18T16:35:45.933+0500: 8572.966: [GC (Allocation Failure) 8572.966: [ParNew: 273371K->801K(306688K), 0.0086017 secs] 304966K->32397K(1014528K), 0.0087060 secs] [Times: user=0.03 sys=0.00, real=0.01 secs] 
2015-08-18T16:38:11.827+0500: 8718.862: [GC (Allocation Failure) 8718.862: [ParNew: 273441K->514K(306688K), 0.0062384 secs] 305037K->32111K(1014528K), 0.0063313 secs] [Times: user=0.01 sys=0.00, real=0.01 secs] 
2015-08-18T16:41:26.962+0500: 8914.001: [GC (Allocation Failure) 8914.001: [ParNew: 273154K->545K(306688K), 0.0082551 secs] 304751K->32142K(1014528K), 0.0083458 secs] [Times: user=0.01 sys=0.00, real=0.01 secs] 
2015-08-18T16:44:52.837+0500: 9119.880: [GC (Allocation Failure) 9119.880: [ParNew: 273185K->491K(306688K), 0.0082490 secs] 304782K->32089K(1014528K), 0.0083343 secs] [Times: user=0.02 sys=0.00, real=0.01 secs] 
2015-08-18T16:47:26.955+0500: 9274.001: [GC (Allocation Failure) 9274.001: [ParNew: 273131K->597K(306688K), 0.0077419 secs] 304729K->32196K(1014528K), 0.0078590 secs] [Times: user=0.02 sys=0.00, real=0.01 secs] 
2015-08-18T16:50:21.845+0500: 9448.893: [GC (Allocation Failure) 9448.894: [ParNew: 273237K->562K(306688K), 0.0093233 secs] 304836K->32161K(1014528K), 0.0094122 secs] [Times: user=0.02 sys=0.00, real=0.01 secs] 
2015-08-18T16:52:43.904+0500: 9590.955: [GC (Allocation Failure) 9590.955: [ParNew: 273202K->2835K(306688K), 0.0149949 secs] 304801K->34437K(1014528K), 0.0150839 secs] [Times: user=0.03 sys=0.00, real=0.01 secs] 
2015-08-18T16:54:54.315+0500: 9721.369: [GC (Allocation Failure) 9721.369: [ParNew: 275475K->3759K(306688K), 0.0131104 secs] 307077K->35361K(1014528K), 0.0132040 secs] [Times: user=0.04 sys=0.00, real=0.01 secs] 
2015-08-18T16:57:05.637+0500: 9852.693: [GC (Allocation Failure) 9852.693: [ParNew: 276399K->3615K(306688K), 0.0161135 secs] 308001K->35217K(1014528K), 0.0162063 secs] [Times: user=0.03 sys=0.00, real=0.02 secs] 
2015-08-18T17:00:02.844+0500: 10029.903: [GC (Allocation Failure) 10029.903: [ParNew: 276255K->4477K(306688K), 0.0175889 secs] 307857K->36082K(1014528K), 0.0176732 secs] [Times: user=0.03 sys=0.00, real=0.02 secs] 
2015-08-18T17:01:51.812+0500: 10138.872: [GC (Allocation Failure) 10138.872: [ParNew: 277117K->3328K(306688K), 0.0147894 secs] 308722K->34934K(1014528K), 0.0149323 secs] [Times: user=0.03 sys=0.00, real=0.01 secs] 
2015-08-18T17:03:44.667+0500: 10251.729: [GC (Allocation Failure) 10251.730: [ParNew: 275968K->4012K(306688K), 0.0195809 secs] 307574K->35618K(1014528K), 0.0196648 secs] [Times: user=0.03 sys=0.00, real=0.02 secs] 
2015-08-18T17:05:50.988+0500: 10378.053: [GC (Allocation Failure) 10378.053: [ParNew: 276652K->3378K(306688K), 0.0508180 secs] 308258K->36111K(1014528K), 0.0509089 secs] [Times: user=0.06 sys=0.00, real=0.05 secs] 
2015-08-18T17:07:43.608+0500: 10490.675: [GC (Allocation Failure) 10490.675: [ParNew: 276018K->2226K(306688K), 0.0173914 secs] 308751K->35122K(1014528K), 0.0175109 secs] [Times: user=0.02 sys=0.00, real=0.02 secs] 
2015-08-18T17:09:46.844+0500: 10613.913: [GC (Allocation Failure) 10613.913: [ParNew: 274866K->1377K(306688K), 0.0157702 secs] 307762K->34836K(1014528K), 0.0158651 secs] [Times: user=0.02 sys=0.00, real=0.02 secs] 
2015-08-18T17:12:09.818+0500: 10756.889: [GC (Allocation Failure) 10756.889: [ParNew: 274017K->1233K(306688K), 0.0175006 secs] 307476K->35104K(1014528K), 0.0175981 secs] [Times: user=0.03 sys=0.00, real=0.02 secs] 
2015-08-18T17:14:00.164+0500: 10867.238: [GC (Allocation Failure) 10867.238: [ParNew: 273873K->614K(306688K), 0.0265774 secs] 307744K->34486K(1014528K), 0.0266921 secs] [Times: user=0.02 sys=0.00, real=0.03 secs] 
2015-08-18T17:15:53.806+0500: 10980.882: [GC (Allocation Failure) 10980.882: [ParNew: 273254K->610K(306688K), 0.0184882 secs] 307126K->34482K(1014528K), 0.0186123 secs] [Times: user=0.01 sys=0.00, real=0.02 secs] 
2015-08-18T17:17:50.793+0500: 11097.870: [GC (Allocation Failure) 11097.870: [ParNew: 273250K->677K(306688K), 0.0094276 secs] 307122K->34550K(1014528K), 0.0095803 secs] [Times: user=0.01 sys=0.00, real=0.01 secs] 
2015-08-18T17:19:40.949+0500: 11208.029: [GC (Allocation Failure) 11208.029: [ParNew: 273317K->679K(306688K), 0.0238550 secs] 307190K->34551K(1014528K), 0.0239611 secs] [Times: user=0.02 sys=0.00, real=0.02 secs] 
2015-08-18T17:22:18.409+0500: 11365.491: [GC (Allocation Failure) 11365.491: [ParNew: 273319K->698K(306688K), 0.0407788 secs] 307191K->34571K(1014528K), 0.0409981 secs] [Times: user=0.04 sys=0.00, real=0.05 secs] 
2015-08-18T17:24:25.499+0500: 11492.584: [GC (Allocation Failure) 11492.584: [ParNew: 273338K->555K(306688K), 0.0330104 secs] 307211K->34429K(1014528K), 0.0332276 secs] [Times: user=0.05 sys=0.00, real=0.04 secs] 
2015-08-18T17:26:25.821+0500: 11612.908: [GC (Allocation Failure) 11612.908: [ParNew: 273195K->537K(306688K), 0.0149576 secs] 307069K->34413K(1014528K), 0.0150633 secs] [Times: user=0.02 sys=0.00, real=0.01 secs] 
2015-08-18T17:28:20.663+0500: 11727.752: [GC (Allocation Failure) 11727.752: [ParNew: 273177K->618K(306688K), 0.0087953 secs] 307053K->34494K(1014528K), 0.0088786 secs] [Times: user=0.01 sys=0.00, real=0.01 secs] 
2015-08-18T17:30:55.224+0500: 11882.316: [GC (Allocation Failure) 11882.316: [ParNew: 273258K->655K(306688K), 0.0077919 secs] 307134K->34531K(1014528K), 0.0079098 secs] [Times: user=0.02 sys=0.00, real=0.01 secs] 
2015-08-18T17:33:02.709+0500: 12009.803: [GC (Allocation Failure) 12009.803: [ParNew: 273295K->719K(306688K), 0.0086834 secs] 307171K->34597K(1014528K), 0.0087872 secs] [Times: user=0.03 sys=0.00, real=0.01 secs] 
2015-08-18T17:35:09.601+0500: 12136.697: [GC (Allocation Failure) 12136.697: [ParNew: 273359K->682K(306688K), 0.0168525 secs] 307237K->34560K(1014528K), 0.0169348 secs] [Times: user=0.02 sys=0.00, real=0.01 secs] 
2015-08-18T17:37:03.836+0500: 12250.934: [GC (Allocation Failure) 12250.934: [ParNew: 273322K->631K(306688K), 0.0159880 secs] 307200K->34509K(1014528K), 0.0160867 secs] [Times: user=0.01 sys=0.00, real=0.02 secs] 
2015-08-18T17:38:56.087+0500: 12363.187: [GC (Allocation Failure) 12363.187: [ParNew: 273271K->621K(306688K), 0.0158589 secs] 307149K->34500K(1014528K), 0.0159337 secs] [Times: user=0.01 sys=0.00, real=0.02 secs] 
2015-08-18T17:40:45.830+0500: 12472.932: [GC (Allocation Failure) 12472.932: [ParNew: 273261K->740K(306688K), 0.0057698 secs] 307140K->34620K(1014528K), 0.0058518 secs] [Times: user=0.01 sys=0.00, real=0.00 secs] 
2015-08-18T17:42:49.806+0500: 12596.910: [GC (Allocation Failure) 12596.910: [ParNew: 273380K->728K(306688K), 0.0155827 secs] 307260K->34608K(1014528K), 0.0156713 secs] [Times: user=0.01 sys=0.00, real=0.02 secs] 
2015-08-18T17:44:46.555+0500: 12713.661: [GC (Allocation Failure) 12713.661: [ParNew: 273368K->911K(306688K), 0.0083053 secs] 307248K->34793K(1014528K), 0.0084038 secs] [Times: user=0.02 sys=0.00, real=0.01 secs] 
2015-08-18T17:46:44.788+0500: 12831.896: [GC (Allocation Failure) 12831.896: [ParNew: 273551K->623K(306688K), 0.0049348 secs] 307433K->34506K(1014528K), 0.0050017 secs] [Times: user=0.01 sys=0.00, real=0.01 secs] 
2015-08-18T17:48:38.951+0500: 12946.061: [GC (Allocation Failure) 12946.061: [ParNew: 273263K->659K(306688K), 0.0119531 secs] 307146K->34542K(1014528K), 0.0120404 secs] [Times: user=0.02 sys=0.00, real=0.01 secs] 
2015-08-18T17:50:34.524+0500: 13061.636: [GC (Allocation Failure) 13061.636: [ParNew: 273299K->572K(306688K), 0.0276958 secs] 307182K->34455K(1014528K), 0.0277806 secs] [Times: user=0.02 sys=0.00, real=0.03 secs] 
2015-08-18T17:52:30.500+0500: 13177.614: [GC (Allocation Failure) 13177.614: [ParNew: 273212K->726K(306688K), 0.0062569 secs] 307095K->34628K(1014528K), 0.0063311 secs] [Times: user=0.01 sys=0.00, real=0.00 secs] 
2015-08-18T17:54:31.793+0500: 13298.909: [GC (Allocation Failure) 13298.909: [ParNew: 273366K->708K(306688K), 0.0179261 secs] 307268K->34612K(1014528K), 0.0180116 secs] [Times: user=0.01 sys=0.00, real=0.02 secs] 
2015-08-18T17:58:40.895+0500: 13548.016: [GC (Allocation Failure) 13548.016: [ParNew: 273348K->472K(306688K), 0.0185169 secs] 307252K->34376K(1014528K), 0.0186003 secs] [Times: user=0.01 sys=0.00, real=0.02 secs] 
2015-08-18T18:02:11.393+0500: 13758.518: [GC (Allocation Failure) 13758.518: [ParNew: 273112K->441K(306688K), 0.0173462 secs] 307016K->34347K(1014528K), 0.0174294 secs] [Times: user=0.01 sys=0.00, real=0.02 secs] 
2015-08-18T18:05:42.971+0500: 13970.099: [GC (Allocation Failure) 13970.099: [ParNew: 273081K->479K(306688K), 0.0066443 secs] 306987K->34385K(1014528K), 0.0067290 secs] [Times: user=0.02 sys=0.00, real=0.00 secs] 
2015-08-18T18:09:16.222+0500: 14183.354: [GC (Allocation Failure) 14183.354: [ParNew: 273119K->560K(306688K), 0.0105210 secs] 307025K->34468K(1014528K), 0.0106035 secs] [Times: user=0.01 sys=0.00, real=0.01 secs] 
2015-08-18T18:12:21.405+0500: 14368.540: [GC (Allocation Failure) 14368.540: [ParNew: 273200K->375K(306688K), 0.0134798 secs] 307108K->34284K(1014528K), 0.0135641 secs] [Times: user=0.02 sys=0.00, real=0.01 secs] 
2015-08-18T18:15:24.742+0500: 14551.881: [GC (Allocation Failure) 14551.881: [ParNew: 273015K->411K(306688K), 0.0077750 secs] 306924K->34320K(1014528K), 0.0078751 secs] [Times: user=0.01 sys=0.00, real=0.01 secs] 
2015-08-18T18:18:38.738+0500: 14745.880: [GC (Allocation Failure) 14745.880: [ParNew: 273051K->517K(306688K), 0.0076333 secs] 306960K->34428K(1014528K), 0.0077275 secs] [Times: user=0.01 sys=0.00, real=0.01 secs] 
2015-08-18T18:22:45.460+0500: 14992.606: [GC (Allocation Failure) 14992.606: [ParNew: 273157K->446K(306688K), 0.0080403 secs] 307068K->34357K(1014528K), 0.0081277 secs] [Times: user=0.02 sys=0.00, real=0.00 secs] 
2015-08-18T18:26:54.173+0500: 15241.323: [GC (Allocation Failure) 15241.323: [ParNew: 273086K->465K(306688K), 0.0078045 secs] 306997K->34378K(1014528K), 0.0078846 secs] [Times: user=0.02 sys=0.00, real=0.01 secs] 
2015-08-18T18:30:06.052+0500: 15433.206: [GC (Allocation Failure) 15433.206: [ParNew: 273105K->432K(306688K), 0.0076433 secs] 307018K->34346K(1014528K), 0.0077483 secs] [Times: user=0.02 sys=0.00, real=0.01 secs] 
2015-08-18T18:33:13.259+0500: 15620.416: [GC (Allocation Failure) 15620.416: [ParNew: 273072K->451K(306688K), 0.0056177 secs] 306986K->34366K(1014528K), 0.0056895 secs] [Times: user=0.02 sys=0.00, real=0.01 secs] 
2015-08-18T18:36:31.712+0500: 15818.873: [GC (Allocation Failure) 15818.873: [ParNew: 273091K->408K(306688K), 0.0070653 secs] 307006K->34323K(1014528K), 0.0071681 secs] [Times: user=0.01 sys=0.00, real=0.01 secs] 
2015-08-18T18:39:38.733+0500: 16005.897: [GC (Allocation Failure) 16005.897: [ParNew: 273048K->522K(306688K), 0.0110009 secs] 306963K->34437K(1014528K), 0.0110802 secs] [Times: user=0.01 sys=0.00, real=0.01 secs] 
2015-08-18T18:42:51.864+0500: 16199.031: [GC (Allocation Failure) 16199.031: [ParNew: 273162K->380K(306688K), 0.0079813 secs] 307077K->34333K(1014528K), 0.0081209 secs] [Times: user=0.01 sys=0.00, real=0.01 secs] 
2015-08-18T18:45:56.708+0500: 16383.879: [GC (Allocation Failure) 16383.879: [ParNew: 273020K->338K(306688K), 0.0054836 secs] 306973K->34290K(1014528K), 0.0055482 secs] [Times: user=0.01 sys=0.00, real=0.01 secs] 
2015-08-18T18:48:58.495+0500: 16565.669: [GC (Allocation Failure) 16565.669: [ParNew: 272978K->486K(306688K), 0.0062110 secs] 306930K->34439K(1014528K), 0.0062954 secs] [Times: user=0.02 sys=0.00, real=0.01 secs] 
2015-08-18T18:52:00.228+0500: 16747.406: [GC (Allocation Failure) 16747.406: [ParNew: 273126K->364K(306688K), 0.0193426 secs] 307079K->34317K(1014528K), 0.0194329 secs] [Times: user=0.01 sys=0.00, real=0.02 secs] 
2015-08-18T18:55:00.972+0500: 16928.153: [GC (Allocation Failure) 16928.153: [ParNew: 273004K->424K(306688K), 0.0118412 secs] 306957K->34377K(1014528K), 0.0119170 secs] [Times: user=0.02 sys=0.00, real=0.01 secs] 
2015-08-18T18:57:57.297+0500: 17104.480: [GC (Allocation Failure) 17104.480: [ParNew: 273064K->418K(306688K), 0.0082473 secs] 307017K->34372K(1014528K), 0.0083432 secs] [Times: user=0.01 sys=0.00, real=0.01 secs] 
2015-08-18T19:01:40.956+0500: 17328.143: [GC (Allocation Failure) 17328.143: [ParNew: 273058K->388K(306688K), 0.0059722 secs] 307012K->34343K(1014528K), 0.0060492 secs] [Times: user=0.02 sys=0.00, real=0.01 secs] 
2015-08-18T19:05:11.263+0500: 17538.454: [GC (Allocation Failure) 17538.454: [ParNew: 273028K->409K(306688K), 0.0083538 secs] 306983K->34364K(1014528K), 0.0084487 secs] [Times: user=0.02 sys=0.00, real=0.01 secs] 
2015-08-18T19:10:44.594+0500: 17871.791: [GC (Allocation Failure) 17871.791: [ParNew: 273049K->437K(306688K), 0.0104683 secs] 307004K->34393K(1014528K), 0.0105545 secs] [Times: user=0.02 sys=0.00, real=0.01 secs] 
2015-08-18T19:13:41.994+0500: 18049.194: [GC (Allocation Failure) 18049.194: [ParNew: 273077K->350K(306688K), 0.0086146 secs] 307033K->34308K(1014528K), 0.0086980 secs] [Times: user=0.01 sys=0.00, real=0.01 secs] 
2015-08-18T19:16:40.254+0500: 18227.457: [GC (Allocation Failure) 18227.457: [ParNew: 272990K->438K(306688K), 0.0073660 secs] 306948K->34397K(1014528K), 0.0074382 secs] [Times: user=0.02 sys=0.00, real=0.01 secs] 
2015-08-18T19:19:53.334+0500: 18420.541: [GC (Allocation Failure) 18420.541: [ParNew: 273078K->435K(306688K), 0.0085582 secs] 307037K->34394K(1014528K), 0.0086345 secs] [Times: user=0.01 sys=0.00, real=0.01 secs] 
2015-08-18T19:23:44.045+0500: 18651.255: [GC (Allocation Failure) 18651.255: [ParNew: 273075K->411K(306688K), 0.0156750 secs] 307034K->34369K(1014528K), 0.0157520 secs] [Times: user=0.01 sys=0.00, real=0.02 secs] 
2015-08-18T19:26:59.016+0500: 18846.230: [GC (Allocation Failure) 18846.230: [ParNew: 273051K->499K(306688K), 0.0097118 secs] 307009K->34458K(1014528K), 0.0098281 secs] [Times: user=0.02 sys=0.00, real=0.01 secs] 
2015-08-18T19:30:11.695+0500: 19038.912: [GC (Allocation Failure) 19038.912: [ParNew: 273139K->362K(306688K), 0.0082547 secs] 307098K->34357K(1014528K), 0.0083382 secs] [Times: user=0.01 sys=0.00, real=0.01 secs] 
2015-08-18T19:34:02.281+0500: 19269.503: [GC (Allocation Failure) 19269.503: [ParNew: 273002K->418K(306688K), 0.0142259 secs] 306997K->34416K(1014528K), 0.0143518 secs] [Times: user=0.02 sys=0.00, real=0.01 secs] 
2015-08-18T19:37:12.962+0500: 19460.187: [GC (Allocation Failure) 19460.187: [ParNew: 273058K->313K(306688K), 0.0068902 secs] 307056K->34310K(1014528K), 0.0069841 secs] [Times: user=0.01 sys=0.00, real=0.00 secs] 
2015-08-18T19:40:17.467+0500: 19644.695: [GC (Allocation Failure) 19644.695: [ParNew: 272953K->2536K(306688K), 0.0221250 secs] 306950K->36552K(1014528K), 0.0222240 secs] [Times: user=0.03 sys=0.00, real=0.02 secs] 
2015-08-18T19:42:59.653+0500: 19806.884: [GC (Allocation Failure) 19806.884: [ParNew: 275176K->4176K(306688K), 0.0226479 secs] 309192K->38192K(1014528K), 0.0227292 secs] [Times: user=0.03 sys=0.00, real=0.02 secs] 
[ParNew: 273201K->601K(306688K), 0.0073034 secs] 312750K->40152K(1014528K), 0.0102042 secs] [Times: user=0.02 sys=0.00, real=0.01 secs] 
2015-08-18T17:38:21.766+0500: 12333.579: [GC (Allocation Failure) 12333.579: [ParNew: 273241K->607K(306688K), 0.0121030 secs] 312792K->40158K(1014528K), 0.0122540 secs] [Times: user=0.01 sys=0.00, real=0.01 secs] 
2015-08-18T17:39:42.759+0500: 12414.573: [GC (Allocation Failure) 12414.573: [ParNew: 273247K->632K(306688K), 0.0070914 secs] 312798K->40183K(1014528K), 0.0072466 secs] [Times: user=0.02 sys=0.00, real=0.01 secs] 
2015-08-18T17:40:57.926+0500: 12489.741: [GC (Allocation Failure) 12489.741: [ParNew: 273272K->644K(306688K), 0.0116990 secs] 312823K->40199K(1014528K), 0.0117953 secs] [Times: user=0.01 sys=0.00, real=0.01 secs] 
2015-08-18T17:42:18.854+0500: 12570.671: [GC (Allocation Failure) 12570.671: [ParNew: 273284K->761K(306688K), 0.0087928 secs] 312839K->40316K(1014528K), 0.0088870 secs] [Times: user=0.01 sys=0.00, real=0.01 secs] 
2015-08-18T17:43:47.546+0500: 12659.364: [GC (Allocation Failure) 12659.364: [ParNew: 273401K->584K(306688K), 0.0082342 secs] 312956K->40142K(1014528K), 0.0083397 secs] [Times: user=0.02 sys=0.00, real=0.01 secs] 
2015-08-18T17:45:06.786+0500: 12738.606: [GC (Allocation Failure) 12738.606: [ParNew: 273224K->789K(306688K), 0.0150893 secs] 312782K->40349K(1014528K), 0.0151918 secs] [Times: user=0.03 sys=0.00, real=0.02 secs] 
2015-08-18T17:46:27.806+0500: 12819.627: [GC (Allocation Failure) 12819.627: [ParNew: 273429K->640K(306688K), 0.0092278 secs] 312989K->40218K(1014528K), 0.0093458 secs] [Times: user=0.02 sys=0.00, real=0.01 secs] 
2015-08-18T17:47:47.572+0500: 12899.395: [GC (Allocation Failure) 12899.395: [ParNew: 273280K->724K(306688K), 0.0074837 secs] 312858K->40302K(1014528K), 0.0075939 secs] [Times: user=0.02 sys=0.00, real=0.01 secs] 
2015-08-18T17:49:04.876+0500: 12976.700: [GC (Allocation Failure) 12976.700: [ParNew: 273364K->641K(306688K), 0.0081013 secs] 312942K->40219K(1014528K), 0.0082008 secs] [Times: user=0.02 sys=0.00, real=0.01 secs] 
2015-08-18T17:50:25.840+0500: 13057.665: [GC (Allocation Failure) 13057.665: [ParNew: 273281K->652K(306688K), 0.0146144 secs] 312859K->40232K(1014528K), 0.0147286 secs] [Times: user=0.02 sys=0.00, real=0.01 secs] 
2015-08-18T17:51:46.742+0500: 13138.569: [GC (Allocation Failure) 13138.569: [ParNew: 273292K->679K(306688K), 0.0142665 secs] 312872K->40259K(1014528K), 0.0143891 secs] [Times: user=0.02 sys=0.01, real=0.01 secs] 
2015-08-18T17:53:05.797+0500: 13217.625: [GC (Allocation Failure) 13217.625: [ParNew: 273319K->715K(306688K), 0.0087576 secs] 312899K->40296K(1014528K), 0.0088606 secs] [Times: user=0.02 sys=0.00, real=0.01 secs] 
2015-08-18T17:54:35.828+0500: 13307.658: [GC (Allocation Failure) 13307.658: [ParNew: 273355K->667K(306688K), 0.0105613 secs] 312936K->40249K(1014528K), 0.0106578 secs] [Times: user=0.01 sys=0.00, real=0.01 secs] 
2015-08-18T17:57:48.843+0500: 13500.676: [GC (Allocation Failure) 13500.676: [ParNew: 273307K->663K(306688K), 0.0098229 secs] 312889K->40245K(1014528K), 0.0099274 secs] [Times: user=0.01 sys=0.00, real=0.01 secs] 
2015-08-18T17:59:55.113+0500: 13626.949: [GC (Allocation Failure) 13626.949: [ParNew: 273303K->398K(306688K), 0.0106789 secs] 312885K->39983K(1014528K), 0.0111954 secs] [Times: user=0.02 sys=0.00, real=0.01 secs] 
2015-08-18T18:02:27.397+0500: 13779.235: [GC (Allocation Failure) 13779.235: [ParNew: 273038K->448K(306688K), 0.0089518 secs] 312623K->40034K(1014528K), 0.0090698 secs] [Times: user=0.02 sys=0.00, real=0.01 secs] 
2015-08-18T18:05:02.769+0500: 13934.610: [GC (Allocation Failure) 13934.610: [ParNew: 273088K->425K(306688K), 0.0099868 secs] 312674K->40029K(1014528K), 0.0100900 secs] [Times: user=0.01 sys=0.00, real=0.01 secs] 
2015-08-18T18:07:09.511+0500: 14061.354: [GC (Allocation Failure) 14061.354: [ParNew: 273065K->490K(306688K), 0.0189071 secs] 312669K->40094K(1014528K), 0.0190728 secs] [Times: user=0.01 sys=0.00, real=0.02 secs] 
2015-08-18T18:09:44.755+0500: 14216.601: [GC (Allocation Failure) 14216.601: [ParNew: 273130K->610K(306688K), 0.0095483 secs] 312734K->40215K(1014528K), 0.0096371 secs] [Times: user=0.02 sys=0.00, real=0.01 secs] 
2015-08-18T18:11:56.314+0500: 14348.162: [GC (Allocation Failure) 14348.162: [ParNew: 273250K->379K(306688K), 0.0096815 secs] 312855K->39985K(1014528K), 0.0098008 secs] [Times: user=0.01 sys=0.00, real=0.01 secs] 
2015-08-18T18:14:05.648+0500: 14477.499: [GC (Allocation Failure) 14477.499: [ParNew: 273019K->421K(306688K), 0.0069786 secs] 312625K->40027K(1014528K), 0.0070908 secs] [Times: user=0.01 sys=0.01, real=0.01 secs] 
2015-08-18T18:16:16.734+0500: 14608.587: [GC (Allocation Failure) 14608.587: [ParNew: 273061K->377K(306688K), 0.0083992 secs] 312667K->39983K(1014528K), 0.0084918 secs] [Times: user=0.01 sys=0.00, real=0.01 secs] 
2015-08-18T18:18:28.795+0500: 14740.650: [GC (Allocation Failure) 14740.650: [ParNew: 273017K->397K(306688K), 0.0110464 secs] 312623K->40066K(1014528K), 0.0111358 secs] [Times: user=0.02 sys=0.00, real=0.01 secs] 
2015-08-18T18:21:25.764+0500: 14917.622: [GC (Allocation Failure) 14917.622: [ParNew: 273037K->501K(306688K), 0.0176074 secs] 312706K->40171K(1014528K), 0.0177035 secs] [Times: user=0.01 sys=0.00, real=0.02 secs] 
2015-08-18T18:24:11.802+0500: 15083.663: [GC (Allocation Failure) 15083.663: [ParNew: 273141K->541K(306688K), 0.0062682 secs] 312811K->40211K(1014528K), 0.0063577 secs] [Times: user=0.01 sys=0.00, real=0.00 secs] 
2015-08-18T18:27:05.453+0500: 15257.317: [GC (Allocation Failure) 15257.317: [ParNew: 273181K->384K(306688K), 0.0059003 secs] 312851K->40057K(1014528K), 0.0059810 secs] [Times: user=0.02 sys=0.00, real=0.00 secs] 
2015-08-18T18:29:18.093+0500: 15389.960: [GC (Allocation Failure) 15389.960: [ParNew: 273024K->448K(306688K), 0.0152587 secs] 312697K->40121K(1014528K), 0.0153613 secs] [Times: user=0.02 sys=0.00, real=0.01 secs] 
2015-08-18T18:31:32.984+0500: 15524.852: [GC (Allocation Failure) 15524.853: [ParNew: 273088K->424K(306688K), 0.0115115 secs] 312761K->40097K(1014528K), 0.0116529 secs] [Times: user=0.02 sys=0.00, real=0.01 secs] 
2015-08-18T18:33:42.784+0500: 15654.655: [GC (Allocation Failure) 15654.655: [ParNew: 273064K->478K(306688K), 0.0151795 secs] 312737K->40153K(1014528K), 0.0153158 secs] [Times: user=0.01 sys=0.00, real=0.01 secs] 
2015-08-18T18:35:54.755+0500: 15786.628: [GC (Allocation Failure) 15786.629: [ParNew: 273118K->461K(306688K), 0.0094083 secs] 312793K->40192K(1014528K), 0.0095015 secs] [Times: user=0.01 sys=0.00, real=0.01 secs] 
2015-08-18T18:38:23.089+0500: 15934.965: [GC (Allocation Failure) 15934.965: [ParNew: 273101K->360K(306688K), 0.0063470 secs] 312832K->40090K(1014528K), 0.0064317 secs] [Times: user=0.02 sys=0.00, real=0.01 secs] 
2015-08-18T18:40:33.973+0500: 16065.851: [GC (Allocation Failure) 16065.851: [ParNew: 273000K->338K(306688K), 0.0094979 secs] 312730K->40068K(1014528K), 0.0095789 secs] [Times: user=0.02 sys=0.01, real=0.01 secs] 
2015-08-18T18:42:49.201+0500: 16201.082: [GC (Allocation Failure) 16201.082: [ParNew: 272978K->377K(306688K), 0.0064713 secs] 312708K->40108K(1014528K), 0.0065624 secs] [Times: user=0.02 sys=0.00, real=0.00 secs] 
2015-08-18T18:44:59.297+0500: 16331.180: [GC (Allocation Failure) 16331.180: [ParNew: 273017K->376K(306688K), 0.0084954 secs] 312748K->40107K(1014528K), 0.0086169 secs] [Times: user=0.01 sys=0.00, real=0.01 secs] 
2015-08-18T18:47:06.707+0500: 16458.593: [GC (Allocation Failure) 16458.593: [ParNew: 273016K->423K(306688K), 0.0062533 secs] 312747K->40154K(1014528K), 0.0063715 secs] [Times: user=0.02 sys=0.00, real=0.01 secs] 
2015-08-18T18:49:13.379+0500: 16585.267: [GC (Allocation Failure) 16585.267: [ParNew: 273063K->358K(306688K), 0.0078457 secs] 312794K->40089K(1014528K), 0.0079359 secs] [Times: user=0.02 sys=0.00, real=0.01 secs] 
2015-08-18T18:51:21.714+0500: 16713.603: [GC (Allocation Failure) 16713.603: [ParNew: 272998K->389K(306688K), 0.0064026 secs] 312729K->40120K(1014528K), 0.0064976 secs] [Times: user=0.01 sys=0.00, real=0.01 secs] 
2015-08-18T18:53:32.733+0500: 16844.625: [GC (Allocation Failure) 16844.625: [ParNew: 273029K->442K(306688K), 0.0100865 secs] 312760K->40194K(1014528K), 0.0101736 secs] [Times: user=0.02 sys=0.00, real=0.01 secs] 
2015-08-18T18:55:36.692+0500: 16968.586: [GC (Allocation Failure) 16968.586: [ParNew: 273082K->431K(306688K), 0.0077492 secs] 312834K->40200K(1014528K), 0.0078209 secs] [Times: user=0.01 sys=0.00, real=0.01 secs] 
2015-08-18T18:57:39.431+0500: 17091.327: [GC (Allocation Failure) 17091.327: [ParNew: 273071K->426K(306688K), 0.0083525 secs] 312840K->40195K(1014528K), 0.0084463 secs] [Times: user=0.03 sys=0.00, real=0.00 secs] 
2015-08-18T18:59:57.186+0500: 17229.085: [GC (Allocation Failure) 17229.085: [ParNew: 273066K->425K(306688K), 0.0088880 secs] 312835K->40212K(1014528K), 0.0090095 secs] [Times: user=0.02 sys=0.00, real=0.01 secs] 
2015-08-18T19:02:32.648+0500: 17384.549: [GC (Allocation Failure) 17384.549: [ParNew: 273065K->332K(306688K), 0.0123457 secs] 312852K->40138K(1014528K), 0.0124336 secs] [Times: user=0.02 sys=0.00, real=0.02 secs] 
2015-08-18T19:05:14.683+0500: 17546.588: [GC (Allocation Failure) 17546.588: [ParNew: 272972K->393K(306688K), 0.0082487 secs] 312778K->40198K(1014528K), 0.0083416 secs] [Times: user=0.02 sys=0.00, real=0.01 secs] 
2015-08-18T19:09:52.100+0500: 17824.009: [GC (Allocation Failure) 17824.009: [ParNew: 273033K->443K(306688K), 0.0070299 secs] 312838K->40248K(1014528K), 0.0071329 secs] [Times: user=0.02 sys=0.00, real=0.00 secs] 
2015-08-18T19:11:58.566+0500: 17950.477: [GC (Allocation Failure) 17950.477: [ParNew: 273083K->323K(306688K), 0.0058902 secs] 312888K->40130K(1014528K), 0.0059680 secs] [Times: user=0.01 sys=0.00, real=0.01 secs] 
2015-08-18T19:14:03.931+0500: 18075.845: [GC (Allocation Failure) 18075.845: [ParNew: 272963K->392K(306688K), 0.0081106 secs] 312770K->40199K(1014528K), 0.0082058 secs] [Times: user=0.02 sys=0.00, real=0.01 secs] 
2015-08-18T19:16:11.882+0500: 18203.798: [GC (Allocation Failure) 18203.798: [ParNew: 273032K->440K(306688K), 0.0072439 secs] 312839K->40247K(1014528K), 0.0073413 secs] [Times: user=0.02 sys=0.00, real=0.00 secs] 
2015-08-18T19:18:28.666+0500: 18340.584: [GC (Allocation Failure) 18340.584: [ParNew: 273080K->385K(306688K), 0.0081085 secs] 312887K->40192K(1014528K), 0.0082288 secs] [Times: user=0.02 sys=0.00, real=0.01 secs] 
2015-08-18T19:20:59.588+0500: 18491.509: [GC (Allocation Failure) 18491.509: [ParNew: 273025K->495K(306688K), 0.0087482 secs] 312832K->40311K(1014528K), 0.0088341 secs] [Times: user=0.01 sys=0.00, real=0.01 secs] 
2015-08-18T19:23:35.119+0500: 18647.042: [GC (Allocation Failure) 18647.042: [ParNew: 273135K->374K(306688K), 0.0086876 secs] 312951K->40244K(1014528K), 0.0087893 secs] [Times: user=0.02 sys=0.00, real=0.01 secs] 
2015-08-18T19:25:42.914+0500: 18774.840: [GC (Allocation Failure) 18774.840: [ParNew: 273014K->381K(306688K), 0.0095143 secs] 312884K->40268K(1014528K), 0.0096303 secs] [Times: user=0.03 sys=0.00, real=0.01 secs] 
2015-08-18T19:28:16.292+0500: 18928.221: [GC (Allocation Failure) 18928.221: [ParNew: 273021K->260K(306688K), 0.0175401 secs] 312908K->40164K(1014528K), 0.0176306 secs] [Times: user=0.01 sys=0.00, real=0.02 secs] 
2015-08-18T19:30:22.185+0500: 19054.116: [GC (Allocation Failure) 19054.116: [ParNew: 272900K->340K(306688K), 0.0059337 secs] 312804K->40244K(1014528K), 0.0060193 secs] [Times: user=0.01 sys=0.00, real=0.01 secs] 
2015-08-18T19:33:03.783+0500: 19215.717: [GC (Allocation Failure) 19215.717: [ParNew: 272980K->391K(306688K), 0.0095344 secs] 312884K->40296K(1014528K), 0.0096236 secs] [Times: user=0.02 sys=0.00, real=0.01 secs] 
2015-08-18T19:35:29.409+0500: 19361.345: [GC (Allocation Failure) 19361.345: [ParNew: 273031K->279K(306688K), 0.0172074 secs] 312936K->40183K(1014528K), 0.0173008 secs] [Times: user=0.02 sys=0.00, real=0.02 secs] 
2015-08-18T19:37:41.646+0500: 19493.584: [GC (Allocation Failure) 19493.584: [ParNew: 272919K->334K(306688K), 0.0079756 secs] 312823K->40238K(1014528K), 0.0080633 secs] [Times: user=0.01 sys=0.00, real=0.01 secs] 
2015-08-18T19:39:51.364+0500: 19623.304: [GC (Allocation Failure) 19623.304: [ParNew: 272974K->305K(306688K), 0.0090425 secs] 312878K->40209K(1014528K), 0.0091506 secs] [Times: user=0.03 sys=0.00, real=0.01 secs] 
2015-08-18T19:41:38.607+0500: 19730.550: [GC (Allocation Failure) 19730.550: [ParNew: 272945K->2788K(306688K), 0.0165138 secs] 312849K->42710K(1014528K), 0.0166083 secs] [Times: user=0.03 sys=0.00, real=0.02 secs] 
